
> qr-menu-saas@0.1.0 build
> next build

Γû▓ Next.js 16.1.6 (Turbopack)
- Environments: .env.local

node.exe : ΓÜá The 
"middleware" file convention 
is deprecated. Please use 
"proxy" instead. Learn more: h
ttps://nextjs.org/docs/message
s/middleware-to-proxy
At line:1 char:1
+ & "C:\Program 
Files\nodejs/node.exe" 
"C:\Program 
Files\nodejs/node_mo ...
+ ~~~~~~~~~~~~~~~~~~~~~~~~~~~~
~~~~~~~~~~~~~~~~~~~~~~~~~~~~~~
~~~~~~~~~~~
    + CategoryInfo          : 
    NotSpecified: (ΓÜá The "  
  middle...leware-to-proxy:   
 String) [], RemoteExcepti    
on
    + FullyQualifiedErrorId : 
    NativeCommandError
 
  Creating an optimized production build ...

> Build error occurred
Error: Turbopack build failed 
with 1 errors:
./app/[locale]/page.tsx:4:1
Module not found: Can't 
resolve 'lucide-react'
[0m [90m 2 |[39m 
[36mimport[39m 
[33mLanguageSwitcher[39m 
[36mfrom[39m [32m'@/compone
nts/LanguageSwitcher'[39m[33
m;[39m
 [90m 3 |[39m 
[36mimport[39m { 
getTranslations } 
[36mfrom[39m [32m'next-intl
/server'[39m[33m;[39m
[31m[1m>[22m[39m[90m 4 
|[39m [36mimport[39m { 
[33mQrCode[39m[33m,[39m 
[33mUtensils[39m } 
[36mfrom[39m [32m'lucide-re
act'[39m[33m;[39m
 [90m   |[39m [31m[1m^[22
m[39m[31m[1m^[22m[39m[31
m[1m^[22m[39m[31m[1m^[22
m[39m[31m[1m^[22m[39m[31
m[1m^[22m[39m[31m[1m^[22
m[39m[31m[1m^[22m[39m[31
m[1m^[22m[39m[31m[1m^[22
m[39m[31m[1m^[22m[39m[31
m[1m^[22m[39m[31m[1m^[22
m[39m[31m[1m^[22m[39m[31
m[1m^[22m[39m[31m[1m^[22
m[39m[31m[1m^[22m[39m[31
m[1m^[22m[39m[31m[1m^[22
m[39m[31m[1m^[22m[39m[31
m[1m^[22m[39m[31m[1m^[22
m[39m[31m[1m^[22m[39m[31
m[1m^[22m[39m[31m[1m^[22
m[39m[31m[1m^[22m[39m[31
m[1m^[22m[39m[31m[1m^[22
m[39m[31m[1m^[22m[39m[31
m[1m^[22m[39m[31m[1m^[22
m[39m[31m[1m^[22m[39m[31
m[1m^[22m[39m[31m[1m^[22
m[39m[31m[1m^[22m[39m[31
m[1m^[22m[39m[31m[1m^[22
m[39m[31m[1m^[22m[39m[31
m[1m^[22m[39m[31m[1m^[22
m[39m[31m[1m^[22m[39m[31
m[1m^[22m[39m[31m[1m^[22
m[39m[31m[1m^[22m[39m[31
m[1m^[22m[39m[31m[1m^[22
m[39m[31m[1m^[22m[39m[31
m[1m^[22m[39m
 [90m 5 |[39m
 [90m 6 |[39m 
[36mexport[39m 
[36mdefault[39m 
[36masync[39m 
[36mfunction[39m 
[33mHome[39m() {
 [90m 7 |[39m   
[36mconst[39m t [33m=[39m 
[36mawait[39m getTranslation
s([32m'landing'[39m)[33m;[
39m[0m



https://nextjs.org/docs/messag
es/module-not-found


    at <unknown> 
(./app/[locale]/page.tsx:4:1)
    at <unknown> (https://next
js.org/docs/messages/module-no
t-found)
